// Jest Snapshot v1, https://goo.gl/fbAQLP

exports[`<Profile /> should render the heading 1`] = `
<main
  class=""
>
  <h1>
    Profile
  </h1>
</main>
`;
